transformation_2
		identity
		identity
		identity
