transformation_1
		identity
		identity
		identity
transformation_2
		identity
		identity
		identity