transformation_1
		identity
		identity
		identity
