transformation_1
		add comments
		add comments
		add comments
